// Vitest Snapshot v1

exports[`renders 1`] = `
<section id="settingsWrapper">
  <header class="screen-header expanded" data-v-5691beb5="">
    <aside class="thumbnail-wrapper" data-v-5691beb5=""></aside>
    <main data-v-5691beb5="">
      <div class="heading-wrapper" data-v-5691beb5="">
        <h1 class="name" data-v-5691beb5="">Settings</h1><span class="meta text-secondary" data-v-5691beb5=""></span>
      </div>
    </main>
  </header>
  <form class="main-scroll-wrap">
    <div class="form-row"><label for="inputSettingsPath">Chemin des médias</label>
      <p id="mediaPathHelp" class="help"> The <em>absolute</em> chemin d'accès au répertoire du serveur contenant votre média. CMB Audio Player recherchera les prédications dans ce répertoire et en extraira toutes les informations disponibles.<br> La numérisation peut prendre un certain temps, surtout si vous avez beaucoup de prédications, alors soyez patient. </p><input id="inputSettingsPath" aria-describedby="mediaPathHelp" name="media_path" type="text">
    </div>
    <div class="form-row"><button type="submit" data-v-e368fe26="">Scan</button></div>
  </form>
</section>
`;
